components/fhtt/nodes/index.tsx(17,60): error TS2344: Type 'FHTTNodeData' does not satisfy the constraint 'Node<Record<string, unknown>, string | undefined>'.
  Type 'FHTTNodeData' is missing the following properties from type '{ id: string; position: XYPosition; data: Record<string, unknown>; sourcePosition?: Position | undefined; targetPosition?: Position | undefined; ... 19 more ...; measured?: { ...; } | undefined; }': id, position, data
components/fhtt/nodes/index.tsx(19,22): error TS2322: Type 'unknown' is not assignable to type 'boolean | undefined'.
components/fhtt/nodes/index.tsx(24,14): error TS18046: 'data' is of type 'unknown'.
components/fhtt/nodes/index.tsx(26,22): error TS18046: 'data' is of type 'unknown'.
components/fhtt/nodes/index.tsx(30,33): error TS18046: 'data' is of type 'unknown'.
components/fhtt/nodes/index.tsx(37,65): error TS2344: Type 'FHTTNodeData' does not satisfy the constraint 'Node<Record<string, unknown>, string | undefined>'.
  Type 'FHTTNodeData' is missing the following properties from type '{ id: string; position: XYPosition; data: Record<string, unknown>; sourcePosition?: Position | undefined; targetPosition?: Position | undefined; ... 19 more ...; measured?: { ...; } | undefined; }': id, position, data
components/fhtt/nodes/index.tsx(38,24): error TS18046: 'data' is of type 'unknown'.
components/fhtt/nodes/index.tsx(39,25): error TS18046: 'data' is of type 'unknown'.
components/fhtt/nodes/index.tsx(39,59): error TS18046: 'data' is of type 'unknown'.
components/fhtt/nodes/index.tsx(40,11): error TS18046: 'data' is of type 'unknown'.
components/fhtt/nodes/index.tsx(44,22): error TS2322: Type 'unknown' is not assignable to type 'boolean | undefined'.
components/fhtt/nodes/index.tsx(49,53): error TS18046: 'data' is of type 'unknown'.
components/fhtt/nodes/index.tsx(51,14): error TS18046: 'data' is of type 'unknown'.
components/fhtt/nodes/index.tsx(53,22): error TS18046: 'data' is of type 'unknown'.
components/fhtt/nodes/index.tsx(64,56): error TS18046: 'data' is of type 'unknown'.
components/fhtt/nodes/index.tsx(72,60): error TS2344: Type 'FHTTNodeData' does not satisfy the constraint 'Node<Record<string, unknown>, string | undefined>'.
  Type 'FHTTNodeData' is missing the following properties from type '{ id: string; position: XYPosition; data: Record<string, unknown>; sourcePosition?: Position | undefined; targetPosition?: Position | undefined; ... 19 more ...; measured?: { ...; } | undefined; }': id, position, data
components/fhtt/nodes/index.tsx(73,25): error TS18046: 'data' is of type 'unknown'.
components/fhtt/nodes/index.tsx(73,59): error TS18046: 'data' is of type 'unknown'.
components/fhtt/nodes/index.tsx(74,11): error TS18046: 'data' is of type 'unknown'.
components/fhtt/nodes/index.tsx(80,22): error TS2322: Type 'unknown' is not assignable to type 'boolean | undefined'.
components/fhtt/nodes/index.tsx(84,69): error TS18046: 'data' is of type 'unknown'.
components/fhtt/nodes/index.tsx(86,14): error TS18046: 'data' is of type 'unknown'.
components/fhtt/nodes/index.tsx(88,22): error TS18046: 'data' is of type 'unknown'.
components/fhtt/nodes/index.tsx(101,67): error TS2344: Type 'FHTTNodeData' does not satisfy the constraint 'Node<Record<string, unknown>, string | undefined>'.
  Type 'FHTTNodeData' is missing the following properties from type '{ id: string; position: XYPosition; data: Record<string, unknown>; sourcePosition?: Position | undefined; targetPosition?: Position | undefined; ... 19 more ...; measured?: { ...; } | undefined; }': id, position, data
components/fhtt/nodes/index.tsx(102,25): error TS18046: 'data' is of type 'unknown'.
components/fhtt/nodes/index.tsx(102,59): error TS18046: 'data' is of type 'unknown'.
components/fhtt/nodes/index.tsx(103,11): error TS18046: 'data' is of type 'unknown'.
components/fhtt/nodes/index.tsx(107,22): error TS2322: Type 'unknown' is not assignable to type 'boolean | undefined'.
components/fhtt/nodes/index.tsx(111,53): error TS18046: 'data' is of type 'unknown'.
components/fhtt/nodes/index.tsx(113,14): error TS18046: 'data' is of type 'unknown'.
components/fhtt/nodes/index.tsx(115,22): error TS18046: 'data' is of type 'unknown'.
components/fhtt/nodes/index.tsx(118,59): error TS18046: 'data' is of type 'unknown'.
